  C1.1  IsPtr(dest,o) :-     DirectFlow(src,dest),    IsPtr(src,o).

  NO   RUNTIME

   0 0.27158400 | *******************************************************************
   1 0.24838500 | *************************************************************
   2 0.19408400 | ***********************************************
   3 0.16820600 | *****************************************
   4 0.15690600 | **************************************
   5 0.13975900 | **********************************
   6 0.12938100 | *******************************
   7 0.12802300 | *******************************
   8 0.12570400 | *******************************
   9 0.10136400 | *************************
  10 0.10041200 | ************************
  11 0.09859760 | ************************
  12 0.08745180 | *********************
  13 0.08669070 | *********************
  14 0.08048110 | *******************
  15 0.07691040 | ******************
  16 0.07665120 | ******************
  17 0.07553150 | ******************
  18 0.07509090 | ******************
  19 0.07269830 | *****************
  20 0.07005640 | *****************
  21 0.06546820 | ****************
  22 0.06088470 | ***************
  23 0.05023270 | ************
  24 0.04831950 | ***********
  25 0.04477780 | ***********

