  R1  IsPtr                    

  NO   COPYTIME

   0 0.21936900 | *******************************************************************
   1 0.17376600 | *****************************************************
   2 0.14291600 | *******************************************
   3 0.10600700 | ********************************
   4 0.09951980 | ******************************
   5 0.08415880 | *************************
   6 0.06510200 | *******************
   7 0.04154600 | ************
   8 0.03779290 | ***********
   9 0.02161090 | ******
  10 0.01876530 | *****
  11 0.01512760 | ****
  12 0.00943430 | **
  13 0.00484712 | *
  14 0.00436294 | *
  15 0.00414075 | *
  16 0.00361385 | *
  17 0.00354054 | *
  18 0.00318607 | 
  19 0.00201358 | 
  20 0.00112928 | 
  21 0.00044393 | 
  22 0.00013527 | 
  23 0.00004108 | 
  24 0.00002867 | 
  25 0.00000000 | 

