 ----- Relation Table -----
   TOT_T  NREC_T   REC_T  COPY_T         TUPLES    ID NAME                     

      22    .000      22    .477         639327    R4 IsReachable
    4.68    .004    4.52    .156         397202    R2 IsPtr
    .380    .006    .370    .004          21190    R1 LptrVar
    .349    .000    .347    .002           5299    R3 Memory
    .159    .000    .158    .000           2649    R6 CPtrLoad
    .065    .050    .015    .000           1226    R5 CFormat
    .036    .000    .036    .000            255    R7 CPtrStore

