     ID  NAME

   N1.1  LptrVar(v) :-     StackAlloc(v,_).

