
 Total runtime: 28

 Total number of new tuples: 1067148

