 ----- Relation Table -----
   TOT_T  NREC_T   REC_T  COPY_T         TUPLES    ID NAME                     

    .000    .000    .000    .000              3    R1 rel  

