     ID  NAME                     

   N1.1  rel(0,1).                

