  ----- Rule Table -----
   TOT_T  NREC_T   REC_T  COPY_T         TUPLES    ID RELATION

       -    .000    .000       -              0    C1.1 rel                      
    .000    .000    .000    .000              1    N1.1 rel                      
    .000    .000    .000    .000              1    N1.2 rel                      
    .000    .000    .000    .000              1    N1.3 rel                      

