Unknown command. Use "help" for a list of commands.

