
 Total runtime: .000

 Total number of new tuples: 3

